// Jest Snapshot v1, https://goo.gl/fbAQLP

exports[`<LabOrdersList /> component renders correctly 1`] = `
<LabOrderListFilters
  clearNameEMRField={[MockFunction]}
  handleFieldChange={[MockFunction]}
  labTests={
    Array [
      "Hémogramme automatisé",
    ]
  }
  nameField=""
>
  <div
    className="order-list-filters"
  >
    <span
      className="top-filters"
    >
      <span
        className="date-picker-filter"
      >
        <span>
          <CustomDatePicker
            defaultDate={"2018-10-18T11:55:56.434Z"}
            field="dateFromField"
            formControlStyle={
              Object {
                "marginRight": "5px",
                "width": "105px",
              }
            }
            handleDateChange={[Function]}
            label="From: "
            labelClassName="line"
          >
            <div>
              <DatePicker
                allowSameDay={false}
                customInput={<DateDisplayComponent />}
                dateFormat="L"
                dateFormatCalendar="MMMM YYYY"
                disabled={false}
                disabledKeyboardNavigation={false}
                dropdownMode="scroll"
                excludeDates={false}
                monthsShown={1}
                nextMonthButtonLabel="Next month"
                onBlur={[Function]}
                onChange={[Function]}
                onClickOutside={[Function]}
                onFocus={[Function]}
                onKeyDown={[Function]}
                onMonthChange={[Function]}
                onSelect={[Function]}
                onYearChange={[Function]}
                preventOpenOnFocus={false}
                previousMonthButtonLabel="Previous Month"
                readOnly={false}
                selected={"2018-10-18T11:55:56.434Z"}
                shouldCloseOnSelect={true}
                showTimeSelect={false}
                timeCaption="Time"
                timeIntervals={30}
                withPortal={false}
              >
                <PopperComponent
                  hidePopper={true}
                  popperComponent={null}
                  popperModifiers={
                    Object {
                      "preventOverflow": Object {
                        "boundariesElement": "viewport",
                        "enabled": true,
                        "escapeWithReference": true,
                      },
                    }
                  }
                  popperPlacement="bottom-start"
                  targetComponent={
                    <div
                      className="react-datepicker__input-container"
                    >
                      <DateDisplayComponent
                        className=""
                        disabled={false}
                        onBlur={[Function]}
                        onChange={[Function]}
                        onClick={[Function]}
                        onFocus={[Function]}
                        onKeyDown={[Function]}
                        readOnly={false}
                        value="10/18/2018"
                      />
                    </div>
                  }
                >
                  <Manager
                    tag="div"
                  >
                    <div>
                      <Target
                        className="react-datepicker-wrapper"
                      >
                        <div
                          className="react-datepicker-wrapper"
                        >
                          <div
                            className="react-datepicker__input-container"
                          >
                            <DateDisplayComponent
                              className=""
                              disabled={false}
                              onBlur={[Function]}
                              onChange={[Function]}
                              onClick={[Function]}
                              onFocus={[Function]}
                              onKeyDown={[Function]}
                              readOnly={false}
                              value="10/18/2018"
                            >
                              <span>
                                <span
                                  style={
                                    Object {
                                      "display": "flex",
                                      "justifyContent": "space-around",
                                    }
                                  }
                                >
                                  <span
                                    className="line"
                                  >
                                    From: 
                                  </span>
                                  <FormControl
                                    bsClass="form-control"
                                    componentClass="input"
                                    placeholder=""
                                    style={
                                      Object {
                                        "marginRight": "5px",
                                        "width": "105px",
                                      }
                                    }
                                    type="text"
                                    value="10/18/2018"
                                  >
                                    <input
                                      className="form-control"
                                      placeholder=""
                                      style={
                                        Object {
                                          "marginRight": "5px",
                                          "width": "105px",
                                        }
                                      }
                                      type="text"
                                      value="10/18/2018"
                                    />
                                  </FormControl>
                                  <FontAwesomeIcon
                                    border={false}
                                    className=""
                                    fixedWidth={false}
                                    flip={null}
                                    icon="calendar-alt"
                                    inverse={false}
                                    listItem={false}
                                    mask={null}
                                    onClick={[Function]}
                                    pull={null}
                                    pulse={false}
                                    rotation={null}
                                    size="2x"
                                    spin={false}
                                    symbol={false}
                                    transform={null}
                                  >
                                    <svg
                                      aria-hidden="true"
                                      className="svg-inline--fa fa-calendar-alt fa-w-14 fa-2x "
                                      data-icon="calendar-alt"
                                      data-prefix="fas"
                                      onClick={[Function]}
                                      role="img"
                                      style={Object {}}
                                      viewBox="0 0 448 512"
                                      xmlns="http://www.w3.org/2000/svg"
                                    >
                                      <path
                                        d="M436 160H12c-6.6 0-12-5.4-12-12v-36c0-26.5 21.5-48 48-48h48V12c0-6.6 5.4-12 12-12h40c6.6 0 12 5.4 12 12v52h128V12c0-6.6 5.4-12 12-12h40c6.6 0 12 5.4 12 12v52h48c26.5 0 48 21.5 48 48v36c0 6.6-5.4 12-12 12zM12 192h424c6.6 0 12 5.4 12 12v260c0 26.5-21.5 48-48 48H48c-26.5 0-48-21.5-48-48V204c0-6.6 5.4-12 12-12zm116 204c0-6.6-5.4-12-12-12H76c-6.6 0-12 5.4-12 12v40c0 6.6 5.4 12 12 12h40c6.6 0 12-5.4 12-12v-40zm0-128c0-6.6-5.4-12-12-12H76c-6.6 0-12 5.4-12 12v40c0 6.6 5.4 12 12 12h40c6.6 0 12-5.4 12-12v-40zm128 128c0-6.6-5.4-12-12-12h-40c-6.6 0-12 5.4-12 12v40c0 6.6 5.4 12 12 12h40c6.6 0 12-5.4 12-12v-40zm0-128c0-6.6-5.4-12-12-12h-40c-6.6 0-12 5.4-12 12v40c0 6.6 5.4 12 12 12h40c6.6 0 12-5.4 12-12v-40zm128 128c0-6.6-5.4-12-12-12h-40c-6.6 0-12 5.4-12 12v40c0 6.6 5.4 12 12 12h40c6.6 0 12-5.4 12-12v-40zm0-128c0-6.6-5.4-12-12-12h-40c-6.6 0-12 5.4-12 12v40c0 6.6 5.4 12 12 12h40c6.6 0 12-5.4 12-12v-40z"
                                        fill="currentColor"
                                        style={Object {}}
                                      />
                                    </svg>
                                  </FontAwesomeIcon>
                                </span>
                              </span>
                            </DateDisplayComponent>
                          </div>
                        </div>
                      </Target>
                    </div>
                  </Manager>
                </PopperComponent>
              </DatePicker>
            </div>
          </CustomDatePicker>
        </span>
        <span>
          <CustomDatePicker
            defaultDate={"2018-10-26T11:55:56.238Z"}
            field="dateToField"
            formControlStyle={
              Object {
                "marginRight": "5px",
                "width": "105px",
              }
            }
            handleDateChange={[Function]}
            label="To: "
            labelClassName="line"
          >
            <div>
              <DatePicker
                allowSameDay={false}
                customInput={<DateDisplayComponent />}
                dateFormat="L"
                dateFormatCalendar="MMMM YYYY"
                disabled={false}
                disabledKeyboardNavigation={false}
                dropdownMode="scroll"
                excludeDates={false}
                monthsShown={1}
                nextMonthButtonLabel="Next month"
                onBlur={[Function]}
                onChange={[Function]}
                onClickOutside={[Function]}
                onFocus={[Function]}
                onKeyDown={[Function]}
                onMonthChange={[Function]}
                onSelect={[Function]}
                onYearChange={[Function]}
                preventOpenOnFocus={false}
                previousMonthButtonLabel="Previous Month"
                readOnly={false}
                selected={"2018-10-26T11:55:56.238Z"}
                shouldCloseOnSelect={true}
                showTimeSelect={false}
                timeCaption="Time"
                timeIntervals={30}
                withPortal={false}
              >
                <PopperComponent
                  hidePopper={true}
                  popperComponent={null}
                  popperModifiers={
                    Object {
                      "preventOverflow": Object {
                        "boundariesElement": "viewport",
                        "enabled": true,
                        "escapeWithReference": true,
                      },
                    }
                  }
                  popperPlacement="bottom-start"
                  targetComponent={
                    <div
                      className="react-datepicker__input-container"
                    >
                      <DateDisplayComponent
                        className=""
                        disabled={false}
                        onBlur={[Function]}
                        onChange={[Function]}
                        onClick={[Function]}
                        onFocus={[Function]}
                        onKeyDown={[Function]}
                        readOnly={false}
                        value="10/26/2018"
                      />
                    </div>
                  }
                >
                  <Manager
                    tag="div"
                  >
                    <div>
                      <Target
                        className="react-datepicker-wrapper"
                      >
                        <div
                          className="react-datepicker-wrapper"
                        >
                          <div
                            className="react-datepicker__input-container"
                          >
                            <DateDisplayComponent
                              className=""
                              disabled={false}
                              onBlur={[Function]}
                              onChange={[Function]}
                              onClick={[Function]}
                              onFocus={[Function]}
                              onKeyDown={[Function]}
                              readOnly={false}
                              value="10/26/2018"
                            >
                              <span>
                                <span
                                  style={
                                    Object {
                                      "display": "flex",
                                      "justifyContent": "space-around",
                                    }
                                  }
                                >
                                  <span
                                    className="line"
                                  >
                                    To: 
                                  </span>
                                  <FormControl
                                    bsClass="form-control"
                                    componentClass="input"
                                    placeholder=""
                                    style={
                                      Object {
                                        "marginRight": "5px",
                                        "width": "105px",
                                      }
                                    }
                                    type="text"
                                    value="10/26/2018"
                                  >
                                    <input
                                      className="form-control"
                                      placeholder=""
                                      style={
                                        Object {
                                          "marginRight": "5px",
                                          "width": "105px",
                                        }
                                      }
                                      type="text"
                                      value="10/26/2018"
                                    />
                                  </FormControl>
                                  <FontAwesomeIcon
                                    border={false}
                                    className=""
                                    fixedWidth={false}
                                    flip={null}
                                    icon="calendar-alt"
                                    inverse={false}
                                    listItem={false}
                                    mask={null}
                                    onClick={[Function]}
                                    pull={null}
                                    pulse={false}
                                    rotation={null}
                                    size="2x"
                                    spin={false}
                                    symbol={false}
                                    transform={null}
                                  >
                                    <svg
                                      aria-hidden="true"
                                      className="svg-inline--fa fa-calendar-alt fa-w-14 fa-2x "
                                      data-icon="calendar-alt"
                                      data-prefix="fas"
                                      onClick={[Function]}
                                      role="img"
                                      style={Object {}}
                                      viewBox="0 0 448 512"
                                      xmlns="http://www.w3.org/2000/svg"
                                    >
                                      <path
                                        d="M436 160H12c-6.6 0-12-5.4-12-12v-36c0-26.5 21.5-48 48-48h48V12c0-6.6 5.4-12 12-12h40c6.6 0 12 5.4 12 12v52h128V12c0-6.6 5.4-12 12-12h40c6.6 0 12 5.4 12 12v52h48c26.5 0 48 21.5 48 48v36c0 6.6-5.4 12-12 12zM12 192h424c6.6 0 12 5.4 12 12v260c0 26.5-21.5 48-48 48H48c-26.5 0-48-21.5-48-48V204c0-6.6 5.4-12 12-12zm116 204c0-6.6-5.4-12-12-12H76c-6.6 0-12 5.4-12 12v40c0 6.6 5.4 12 12 12h40c6.6 0 12-5.4 12-12v-40zm0-128c0-6.6-5.4-12-12-12H76c-6.6 0-12 5.4-12 12v40c0 6.6 5.4 12 12 12h40c6.6 0 12-5.4 12-12v-40zm128 128c0-6.6-5.4-12-12-12h-40c-6.6 0-12 5.4-12 12v40c0 6.6 5.4 12 12 12h40c6.6 0 12-5.4 12-12v-40zm0-128c0-6.6-5.4-12-12-12h-40c-6.6 0-12 5.4-12 12v40c0 6.6 5.4 12 12 12h40c6.6 0 12-5.4 12-12v-40zm128 128c0-6.6-5.4-12-12-12h-40c-6.6 0-12 5.4-12 12v40c0 6.6 5.4 12 12 12h40c6.6 0 12-5.4 12-12v-40zm0-128c0-6.6-5.4-12-12-12h-40c-6.6 0-12 5.4-12 12v40c0 6.6 5.4 12 12 12h40c6.6 0 12-5.4 12-12v-40z"
                                        fill="currentColor"
                                        style={Object {}}
                                      />
                                    </svg>
                                  </FontAwesomeIcon>
                                </span>
                              </span>
                            </DateDisplayComponent>
                          </div>
                        </div>
                      </Target>
                    </div>
                  </Manager>
                </PopperComponent>
              </DatePicker>
            </div>
          </CustomDatePicker>
        </span>
      </span>
    </span>
    <span
      className="bottom-filters"
    >
      <span
        className="form-filter-group one-third"
      >
        <span>
          Search for a sample
        </span>
        <span
          className="name-emrid-order-filter"
        >
          <i
            className="small icon-search"
          />
          <FormControl
            bsClass="form-control"
            componentClass="input"
            onChange={[Function]}
            placeholder="search by ID or name, or scan sample"
            type="text"
            value=""
          >
            <input
              className="form-control"
              onChange={[Function]}
              placeholder="search by ID or name, or scan sample"
              type="text"
              value=""
            />
          </FormControl>
          <i
            className="small scale icon-remove-sign"
            onClick={[Function]}
            role="toolbar"
          />
        </span>
      </span>
      <Dropdown
        className="form-filter-group"
        defaultValue="All"
        field="testTypeField"
        handleSelect={[Function]}
        label="Test Type"
        labelClassName=""
        list={
          Array [
            "Hémogramme automatisé",
          ]
        }
      >
        <div>
          <span
            className="form-filter-group"
          >
            <span
              className=""
            >
              Test Type
            </span>
            <select
              onChange={[Function]}
              style={
                Object {
                  "height": "45px",
                  "width": "100%",
                }
              }
              value=""
            >
              <option
                key="All"
                value="All"
              >
                All
              </option>
              <option
                key="Hémogramme automatisé"
                value="Hémogramme automatisé"
              >
                Hémogramme automatisé
              </option>
            </select>
          </span>
        </div>
      </Dropdown>
    </span>
  </div>
</LabOrderListFilters>
`;
