// Jest Snapshot v1, https://goo.gl/fbAQLP

exports[`Breadcrumb component should take a snapshot on initial render 1`] = `
<MemoryRouter
  initialEntries={
    Array [
      Object {
        "key": "testKey",
        "pathname": "/",
      },
    ]
  }
  intl={
    Object {
      "defaultFormats": Object {},
      "defaultLocale": "en",
      "formatDate": [Function],
      "formatHTMLMessage": [Function],
      "formatMessage": [Function],
      "formatNumber": [Function],
      "formatPlural": [Function],
      "formatRelative": [Function],
      "formatTime": [Function],
      "formats": Object {},
      "formatters": Object {
        "getDateTimeFormat": [Function],
        "getMessageFormat": [Function],
        "getNumberFormat": [Function],
        "getPluralFormat": [Function],
        "getRelativeFormat": [Function],
      },
      "locale": "en",
      "messages": Object {},
      "now": [Function],
      "onError": [Function],
      "textComponent": "span",
      "timeZone": null,
    }
  }
>
  <Router
    history={
      Object {
        "action": "POP",
        "block": [Function],
        "canGo": [Function],
        "createHref": [Function],
        "entries": Array [
          Object {
            "hash": "",
            "key": "testKey",
            "pathname": "/",
            "search": "",
          },
        ],
        "go": [Function],
        "goBack": [Function],
        "goForward": [Function],
        "index": 0,
        "length": 1,
        "listen": [Function],
        "location": Object {
          "hash": "",
          "key": "testKey",
          "pathname": "/",
          "search": "",
        },
        "push": [Function],
        "replace": [Function],
      }
    }
  >
    <Provider
      store={
        Object {
          "clearActions": [Function],
          "dispatch": [Function],
          "getActions": [Function],
          "getState": [Function],
          "replaceReducer": [Function],
          "subscribe": [Function],
        }
      }
    >
      <withRouter(Connect(InjectIntl(BreadCrumb)))>
        <Route>
          <Connect(InjectIntl(BreadCrumb))
            history={
              Object {
                "action": "POP",
                "block": [Function],
                "canGo": [Function],
                "createHref": [Function],
                "entries": Array [
                  Object {
                    "hash": "",
                    "key": "testKey",
                    "pathname": "/",
                    "search": "",
                  },
                ],
                "go": [Function],
                "goBack": [Function],
                "goForward": [Function],
                "index": 0,
                "length": 1,
                "listen": [Function],
                "location": Object {
                  "hash": "",
                  "key": "testKey",
                  "pathname": "/",
                  "search": "",
                },
                "push": [Function],
                "replace": [Function],
              }
            }
            location={
              Object {
                "hash": "",
                "key": "testKey",
                "pathname": "/",
                "search": "",
              }
            }
            match={
              Object {
                "isExact": true,
                "params": Object {},
                "path": "/",
                "url": "/",
              }
            }
          >
            <InjectIntl(BreadCrumb)
              dispatch={[Function]}
              history={
                Object {
                  "action": "POP",
                  "block": [Function],
                  "canGo": [Function],
                  "createHref": [Function],
                  "entries": Array [
                    Object {
                      "hash": "",
                      "key": "testKey",
                      "pathname": "/",
                      "search": "",
                    },
                  ],
                  "go": [Function],
                  "goBack": [Function],
                  "goForward": [Function],
                  "index": 0,
                  "length": 1,
                  "listen": [Function],
                  "location": Object {
                    "hash": "",
                    "key": "testKey",
                    "pathname": "/",
                    "search": "",
                  },
                  "push": [Function],
                  "replace": [Function],
                }
              }
              location={
                Object {
                  "hash": "",
                  "key": "testKey",
                  "pathname": "/",
                  "search": "",
                }
              }
              match={
                Object {
                  "isExact": true,
                  "params": Object {},
                  "path": "/",
                  "url": "/",
                }
              }
            >
              <BreadCrumb
                dispatch={[Function]}
                history={
                  Object {
                    "action": "POP",
                    "block": [Function],
                    "canGo": [Function],
                    "createHref": [Function],
                    "entries": Array [
                      Object {
                        "hash": "",
                        "key": "testKey",
                        "pathname": "/",
                        "search": "",
                      },
                    ],
                    "go": [Function],
                    "goBack": [Function],
                    "goForward": [Function],
                    "index": 0,
                    "length": 1,
                    "listen": [Function],
                    "location": Object {
                      "hash": "",
                      "key": "testKey",
                      "pathname": "/",
                      "search": "",
                    },
                    "push": [Function],
                    "replace": [Function],
                  }
                }
                intl={
                  Object {
                    "defaultFormats": Object {},
                    "defaultLocale": "en",
                    "formatDate": [Function],
                    "formatHTMLMessage": [Function],
                    "formatMessage": [Function],
                    "formatNumber": [Function],
                    "formatPlural": [Function],
                    "formatRelative": [Function],
                    "formatTime": [Function],
                    "formats": Object {},
                    "formatters": Object {
                      "getDateTimeFormat": [Function],
                      "getMessageFormat": [Function],
                      "getNumberFormat": [Function],
                      "getPluralFormat": [Function],
                      "getRelativeFormat": [Function],
                    },
                    "locale": "en",
                    "messages": Object {},
                    "now": [Function],
                    "onError": [Function],
                    "textComponent": "span",
                    "timeZone": null,
                  }
                }
                location={
                  Object {
                    "hash": "",
                    "key": "testKey",
                    "pathname": "/",
                    "search": "",
                  }
                }
                match={
                  Object {
                    "isExact": true,
                    "params": Object {},
                    "path": "/",
                    "url": "/",
                  }
                }
              >
                <div
                  className="breadcrumb"
                >
                  <a
                    className="breadcrumb-item"
                    href="../../"
                  >
                    <span
                      aria-hidden="true"
                      className="glyphicon glyphicon-home breadcrumb-item"
                    />
                  </a>
                  <span>
                    <Link
                      replace={false}
                      to="/"
                    >
                      <a
                        href="/"
                        onClick={[Function]}
                      >
                        <span
                          aria-hidden="true"
                          className="glyphicon glyphicon-chevron-right breadcrumb-item separator"
                        />
                        <span
                          className="title breadcrumb-item"
                        >
                          <u>
                            Labs
                          </u>
                        </span>
                      </a>
                    </Link>
                  </span>
                </div>
              </BreadCrumb>
            </InjectIntl(BreadCrumb)>
          </Connect(InjectIntl(BreadCrumb))>
        </Route>
      </withRouter(Connect(InjectIntl(BreadCrumb)))>
    </Provider>
  </Router>
</MemoryRouter>
`;
